// Jest Snapshot v1, https://goo.gl/fbAQLP

exports[`add user shows form 1`] = `"<form><div><div><label><strong>name: </strong><input id="" type="text" value=""></label></div><div><label><strong>username: </strong><input type="text" value=""></label></div><div><label><strong>password: </strong><input type="password" value=""></label></div></div><button class="button">Save</button></form>"`;
