// Jest Snapshot v1, https://goo.gl/fbAQLP

exports[`add user shows form 1`] = `"<div><form><div><div><label><strong>name: </strong><input class="input" id="" type="text" value=""></label></div><div><label><strong>username: </strong><input class="input" type="text" value=""></label></div><div><label><strong>password: </strong><input class="input" type="password" value=""></label></div></div><button class="button">Save</button></form><button class="button">back</button></div>"`;
