// Jest Snapshot v1, https://goo.gl/fbAQLP

exports[`error should render error 1`] = `
<div>
  <center>
    <div
      class="error"
      style="border: 1px solid red; background: Pink;"
    >
      An error occurred: 
      this is a test
      <div>
        <button
          class="button"
        >
          back
        </button>
         
        <button
          class="button"
        >
          login
        </button>
      </div>
    </div>
  </center>
</div>
`;
