// Jest Snapshot v1, https://goo.gl/fbAQLP

exports[`loggedinn should rener itemmenu 1`] = `
<div>
  <div>
    Name: 
    test
     username: (
    200
    ) role:(
    bla
    )
    <div>
      <div>
        <div>
          <div>
            <button
              class="button"
            >
              Logout
            </button>
          </div>
          <div>
            <a
              class="button"
              href="/myorders"
            >
              Received Orders
            </a>
          </div>
          <div>
            <a
              class="button"
              href="/editmenu"
            >
              Edit menu
            </a>
          </div>
        </div>
        <center>
          <div
            class="error"
            style="border: 1px solid red; background: Pink;"
          >
            An error occurred: 
            ReferenceError: fetch is not defined
            <div>
              <button
                class="button"
              >
                back
              </button>
               
              <button
                class="button"
              >
                login
              </button>
            </div>
          </div>
        </center>
      </div>
    </div>
  </div>
</div>
`;
