// Jest Snapshot v1, https://goo.gl/fbAQLP

exports[`login should render login 1`] = `
<div>
  <form>
    <h1>
      Please log in
    </h1>
    <div>
      <strong>
        Username:
      </strong>
      <input
        value="Petter petter"
      />
    </div>
    <footer>
      <strong>
        password:
      </strong>
      <input
        type="password"
        value="Petter petter"
      />
    </footer>
    <div>
      <button>
        Log in
      </button>
    </div>
    <pre>
      {
  "username": "Petter petter",
  "password": "Petter petter"
}
    </pre>
  </form>
</div>
`;
