// Jest Snapshot v1, https://goo.gl/fbAQLP

exports[`login should render login 1`] = `
<div>
  <form>
    <h1>
      Please log in
    </h1>
    <div>
      <strong>
        Username:
      </strong>
      <input
        class="input"
        value="Petter petter"
      />
    </div>
    <footer
      class="pass"
    >
      <strong>
        password:
      </strong>
      <input
        class="input"
        type="password"
        value="Petter petter"
      />
    </footer>
    <div>
      <button
        class="button"
      >
        Log in
      </button>
    </div>
  </form>
</div>
`;
