// Jest Snapshot v1, https://goo.gl/fbAQLP

exports[`dish should rener dish 1`] = `
<div>
  <div
    class="dish"
  >
    <div>
      name :
    </div>
    <div>
      price:
      Nok
    </div>
    <div>
      description:
    </div>
    <div>
      vegan: :
    </div>
    <div>
      type Dish :
    </div>
    <div>
      order :
      1
    </div>
    <button
      class="button"
    >
      add
    </button>
    <button
      class="button"
    >
      remove
    </button>
  </div>
</div>
`;
