// Jest Snapshot v1, https://goo.gl/fbAQLP

exports[`dish should rener dish 1`] = `
<div>
  <div
    class="dish"
  >
    <div>
      name :
    </div>
    <div>
      price:
      Nok
    </div>
    <div>
      description:
    </div>
    <div>
      type Dish :
    </div>
    <div>
      order :
      3
    </div>
    <button
      class="button"
    >
      add
    </button>
    <footer>
      <button
        class="button"
      >
        remove
      </button>
    </footer>
  </div>
</div>
`;

exports[`dish should rener dish2 1`] = `
<div>
  <div
    class="dish"
  >
    <div>
      name :
    </div>
    <div>
      price:
      Nok
    </div>
    <div>
      description:
    </div>
    <div>
      type Dish :
    </div>
    <div>
      order :
      1
    </div>
    <button
      class="button"
    >
      add
    </button>
    <footer>
      <button
        class="button"
      >
        remove
      </button>
    </footer>
  </div>
</div>
`;

