// Jest Snapshot v1, https://goo.gl/fbAQLP

exports[`users should render logged inn page 1`] = `
<div>
  <div>
    Name: 
    testuser
     username: (
    test
    ) role:(
    )
    <div>
      <div>
        <div>
          <div>
            <button
              class="button"
            >
              Logout
            </button>
          </div>
          <div>
            <a
              class="button"
              href="/myorders"
            >
              show orders
            </a>
          </div>
        </div>
        <button
          class="button"
        >
          chat
        </button>
        <center>
          <div
            class="error"
            style="border: 1px solid red; background: Pink;"
          >
            An error occurred: 
            ReferenceError: fetch is not defined
            <div>
              <button
                class="button"
              >
                back
              </button>
               
              <button
                class="button"
              >
                login
              </button>
            </div>
          </div>
        </center>
      </div>
    </div>
  </div>
</div>
`;

exports[`users user not logged inn 1`] = `
<div>
  <div>
    <div>
      <div>
        <a
          class="button"
          href="/login"
        >
          Login
        </a>
      </div>
      <div>
        <a
          class="button"
          href="/register"
        >
          Register new user
        </a>
      </div>
    </div>
    <button
      class="button"
    >
      chat
    </button>
    <h1>
      Loading....
    </h1>
  </div>
</div>
`;
